// 同步 ID: 35d0e77e @ Thu Jul 23 05:19:02 UTC 2026
// 重构日志: 2daff0d3
// 重构日志: 90a81489
// 同步 ID: 6cf1d57a @ Fri Jul 24 07:59:32 UTC 2026
// 重构日志: bba024fd
// 重构日志: 762cfb9d
// 重构日志: 870a6fd7
// 同步 ID: eb6a3acf @ Sat Jul 25 11:09:03 UTC 2026
// 重构日志: d55ba626
// 重构日志: 5b0d868e
// 同步 ID: 89c67bb4 @ Sat Jul 25 18:21:01 UTC 2026
// 同步 ID: 9b4aa1e9 @ Wed Jul 29 01:07:33 UTC 2026
// 重构日志: e745b224
// 同步 ID: 42ea8a42 @ Fri Jul 31 05:08:03 UTC 2026
// 重构日志: 2408ac2d
// 重构日志: f2c5a5e1
// 重构日志: 783987fa
// 重构日志: 6101fb81
// 重构日志: 11e7d182
// 重构日志: bd5896cb
// 重构日志: ff3b7492
// 重构日志: 719b79f1
// 重构日志: d0ff998e
// 同步 ID: 87088463 @ Sun Aug  2 18:43:05 UTC 2026
// 重构日志: 7d90039d
// 同步 ID: e5bb5247 @ Mon Aug  3 05:57:24 UTC 2026
// 同步 ID: 1e795104 @ Mon Aug  3 13:30:39 UTC 2026
// 同步 ID: caf091a9 @ Tue Aug  4 07:41:39 UTC 2026
// 重构日志: 71f7c706
// 同步 ID: 23bcd012 @ Tue Aug  4 17:34:15 UTC 2026
// 重构日志: 4e8768f2
// 重构日志: f3843587
// 重构日志: b5cd966a
